{
  _type: 'element',
  tags: null,
  links: null,
  viewOf: 'cloud.next.backend',
  _stage: 'layouted',
  sourcePath: 'cloud/next.c4',
  description: null,
  title: 'Backend V2',
  id: 'backend',
  autoLayout: {
    direction: 'TB',
  },
  notation: {
    nodes: [
      {
        title: 'Application',
        shape: 'rectangle',
        color: 'primary',
        kinds: [
          'app',
        ],
      },
      {
        title: 'External System',
        shape: 'rectangle',
        color: 'muted',
        kinds: [
          'externalSystem',
        ],
      },
      {
        title: 'Software system',
        shape: 'rectangle',
        color: 'muted',
        kinds: [
          'system',
        ],
      },
    ],
  },
  hash: '1GOcI9OUEoiY5GoBpIHxlYsVaVZ9ntBqzriBS2kuIgU',
  bounds: {
    x: -103,
    y: 211,
    width: 1330,
    height: 1134,
  },
  nodes: [
    {
      id: 'cloud',
      parent: null,
      level: 0,
      children: [
        'cloud.next',
        'cloud.legacy',
      ],
      inEdges: [],
      outEdges: [
        '1elbqem',
        '148txyu',
      ],
      title: 'Cloud System',
      modelRef: 'cloud',
      shape: 'rectangle',
      color: 'muted',
      style: {
        opacity: 10,
        size: 'md',
      },
      description: {
        txt: 'Our SaaS platfrom that allows\ncustomers to interact with\nthe latest technologies',
      },
      tags: [],
      notation: 'Software system',
      kind: 'system',
      depth: 2,
      navigateTo: 'cloud',
      x: -83,
      y: 231,
      width: 1290,
      height: 906,
      labelBBox: {
        x: 6,
        y: 0,
        width: 93,
        height: 15,
      },
      links: null,
    },
    {
      id: 'cloud.next',
      parent: 'cloud',
      level: 1,
      children: [
        'cloud.next.graphql',
        'cloud.next.backend',
        'cloud.next.events',
      ],
      inEdges: [],
      outEdges: [
        '1elbqem',
        '1mrbzo2',
      ],
      title: 'Cloud Next',
      modelRef: 'cloud.next',
      shape: 'rectangle',
      color: 'muted',
      style: {
        opacity: 50,
        size: 'md',
      },
      description: {
        txt: 'Cloud Next is the next version of our cloud systems',
      },
      tags: [],
      kind: 'container',
      depth: 1,
      navigateTo: 'cloud_next',
      x: -41,
      y: 291,
      width: 1206,
      height: 804,
      labelBBox: {
        x: 6,
        y: 0,
        width: 77,
        height: 15,
      },
      links: null,
    },
    {
      id: 'cloud.next.graphql',
      parent: 'cloud.next',
      level: 2,
      children: [],
      inEdges: [],
      outEdges: [
        '8gzokf',
      ],
      title: 'GraphQL',
      modelRef: 'cloud.next.graphql',
      shape: 'rectangle',
      color: 'muted',
      icon: 'tech:graphql',
      style: {
        opacity: 50,
        size: 'md',
      },
      description: {
        txt: 'GraphQL API for the backend\nUses Apollo Server',
      },
      tags: [
        'api',
        'next',
      ],
      kind: 'component',
      navigateTo: 'graphql',
      x: 802,
      y: 351,
      width: 321,
      height: 180,
      labelBBox: {
        x: 47,
        y: 55,
        width: 259,
        height: 65,
      },
      links: null,
      technology: 'Graphql',
    },
    {
      id: 'cloud.next.backend',
      parent: 'cloud.next',
      level: 2,
      children: [],
      inEdges: [
        '8gzokf',
      ],
      outEdges: [
        '1elbqem',
        '1mrbzo2',
        '1590sfl',
      ],
      title: 'Backend V2',
      modelRef: 'cloud.next.backend',
      shape: 'rectangle',
      color: 'primary',
      icon: 'tech:nestjs',
      style: {
        opacity: 15,
        size: 'md',
        multiple: true,
      },
      description: {
        txt: 'The next version of backend',
      },
      tags: [
        'api',
      ],
      notation: 'Application',
      kind: 'app',
      x: 73,
      y: 469,
      width: 320,
      height: 180,
      labelBBox: {
        x: 50,
        y: 64,
        width: 251,
        height: 47,
      },
      navigateTo: null,
      links: null,
      technology: 'Nestjs',
    },
    {
      id: 'cloud.legacy',
      parent: 'cloud',
      level: 1,
      children: [],
      inEdges: [
        '1mrbzo2',
      ],
      outEdges: [
        '148txyu',
      ],
      title: 'Cloud Legacy',
      modelRef: 'cloud.legacy',
      shape: 'rectangle',
      color: 'muted',
      style: {
        opacity: 50,
        size: 'md',
      },
      description: {
        txt: 'The legacy version of our SaaS\nMVP as was presented to the first customers',
      },
      tags: [],
      links: [
        {
          url: './.github/workflows/update-diagrams.yml#L19-L25',
          title: 'L19-L25',
          relative: '.github/workflows/update-diagrams.yml#L19-L25',
        },
      ],
      kind: 'container',
      navigateTo: 'cloud_legacy',
      x: 519,
      y: 795,
      width: 340,
      height: 180,
      labelBBox: {
        x: 18,
        y: 55,
        width: 305,
        height: 65,
      },
    },
    {
      id: 'cloud.next.events',
      parent: 'cloud.next',
      level: 2,
      children: [],
      inEdges: [
        '1590sfl',
      ],
      outEdges: [],
      title: 'Events Manager',
      modelRef: 'cloud.next.events',
      shape: 'rectangle',
      color: 'muted',
      style: {
        opacity: 50,
        size: 'md',
      },
      tags: [],
      kind: 'component',
      x: 1,
      y: 873,
      width: 320,
      height: 180,
      labelBBox: {
        x: 85,
        y: 75,
        width: 150,
        height: 24,
      },
      navigateTo: null,
      links: null,
    },
    {
      id: 'amazon',
      parent: null,
      level: 0,
      children: [],
      inEdges: [
        '1elbqem',
        '148txyu',
      ],
      outEdges: [],
      title: 'Amazon',
      modelRef: 'amazon',
      shape: 'rectangle',
      color: 'muted',
      icon: 'tech:amazon-web-services',
      style: {
        opacity: 10,
        size: 'md',
      },
      description: {
        txt: 'Cloud and managed services provider',
      },
      tags: [],
      notation: 'External System',
      kind: 'externalSystem',
      navigateTo: 'amazon',
      x: 501,
      y: 1145,
      width: 376,
      height: 180,
      labelBBox: {
        x: 46,
        y: 64,
        width: 314,
        height: 46,
      },
      links: null,
      technology: 'Amazon Web Services',
    },
  ],
  edges: [
    {
      id: '8gzokf',
      source: 'cloud.next.graphql',
      target: 'cloud.next.backend',
      label: '[...]',
      dotpos: 'e,249,452.93 249,310.64 249,351.62 249,400.45 249,442.64',
      points: [
        [
          233,
          326,
        ],
        [
          233,
          367,
        ],
        [
          233,
          415,
        ],
        [
          233,
          458,
        ],
      ],
      labelBBox: {
        x: 371,
        y: 401,
        width: 24,
        height: 18,
      },
      parent: 'cloud.next',
      relations: [
        '7nqy4e',
        '1xu64e2',
      ],
      color: 'gray',
      line: 'dashed',
      head: 'normal',
      controlPoints: [
        {
          x: 532,
          y: 423,
        },
      ],
      navigateTo: null,
      tags: null,
      isLabelCustomized: false,
    },
    {
      id: '1elbqem',
      source: 'cloud.next.backend',
      target: 'amazon',
      label: 'reads/writes',
      dotpos: 'e,849.83,1144.7 408.75,556.26 588.06,574 862.33,613.55 926,692.75 1026.8,818.15 997.76,910.75 926,1054.8 910.03,1086.8 885.28,1114.6 857.68,1138.1',
      points: [
        [
          394,
          570,
        ],
        [
          576,
          585,
        ],
        [
          853,
          622,
        ],
        [
          919,
          699,
        ],
        [
          1023,
          821,
        ],
        [
          995,
          913,
        ],
        [
          925,
          1055,
        ],
        [
          909,
          1087,
        ],
        [
          885,
          1114,
        ],
        [
          858,
          1137,
        ],
      ],
      labelBBox: {
        x: 899,
        y: 817,
        width: 77,
        height: 18,
      },
      parent: null,
      relations: [
        'okvn1a',
      ],
      color: 'gray',
      line: 'dashed',
      head: 'normal',
      navigateTo: 'cloud-to-amazon',
      tags: null,
      isLabelCustomized: false,
      controlPoints: [
        {
          x: 895,
          y: 1099,
        },
      ],
    },
    {
      id: '1mrbzo2',
      source: 'cloud.next.backend',
      target: 'cloud.legacy',
      label: 'calls legacy',
      dotpos: 'e,573.88,794.79 364.03,632.64 426.05,680.56 502.61,739.72 565.84,788.58',
      points: [
        [
          352,
          644,
        ],
        [
          416,
          690,
        ],
        [
          496,
          746,
        ],
        [
          561,
          793,
        ],
      ],
      labelBBox: {
        x: 359,
        y: 786,
        width: 74,
        height: 18,
      },
      parent: 'cloud',
      relations: [
        '9uqi9s',
      ],
      color: 'gray',
      line: 'dashed',
      head: 'normal',
      navigateTo: null,
      tags: null,
      isLabelCustomized: false,
      controlPoints: [
        {
          x: 437,
          y: 704,
        },
      ],
    },
    {
      id: '1590sfl',
      source: 'cloud.next.backend',
      target: 'cloud.next.events',
      label: 'triggers',
      dotpos: 'e,220.43,795.13 216.82,632.64 208.72,664.64 203.46,701.14 208,734.75 210.24,751.31 213.81,768.63 217.94,785.36',
      points: [
        [
          204,
          645,
        ],
        [
          197,
          676,
        ],
        [
          193,
          710,
        ],
        [
          199,
          743,
        ],
        [
          201,
          759,
        ],
        [
          206,
          776,
        ],
        [
          211,
          791,
        ],
      ],
      labelBBox: {
        x: 237,
        y: 683,
        width: 49,
        height: 38,
      },
      parent: 'cloud.next',
      relations: [
        '1b1a8p8',
      ],
      color: 'gray',
      line: 'dashed',
      head: 'normal',
      technology: 'REST',
      controlPoints: [
        {
          x: 208,
          y: 761,
        },
      ],
      navigateTo: null,
      tags: null,
      isLabelCustomized: false,
    },
    {
      id: '148txyu',
      source: 'cloud.legacy',
      target: 'amazon',
      label: 'reads/writes',
      dotpos: 'e,689,1144.7 689,974.4 689,1023.3 689,1084 689,1134.4',
      points: [
        [
          689,
          974,
        ],
        [
          689,
          1023,
        ],
        [
          689,
          1084,
        ],
        [
          689,
          1134,
        ],
      ],
      labelBBox: {
        x: 689,
        y: 1054,
        width: 77,
        height: 18,
      },
      parent: null,
      relations: [
        '1hdkqxc',
      ],
      color: 'gray',
      line: 'dashed',
      head: 'normal',
      navigateTo: null,
      tags: null,
      isLabelCustomized: false,
      controlPoints: null,
    },
  ],
  routing: 'ortho',
  _layout: 'manual',
}
