{
  _type: 'element',
  tags: null,
  links: null,
  viewOf: 'cloud.legacy.backend',
  _stage: 'layouted',
  sourcePath: 'cloud/legacy.c4',
  description: null,
  title: 'Legacy Backend',
  id: 'cloud_legacy_backend',
  routing: 'ortho',
  autoLayout: {
    direction: 'TB',
  },
  notation: {
    nodes: [
      {
        title: 'Application',
        shape: 'rectangle',
        color: 'green',
        kinds: [
          'app',
        ],
      },
      {
        title: 'External System',
        shape: 'rectangle',
        color: 'secondary',
        kinds: [
          'externalSystem',
        ],
      },
      {
        title: 'Software system',
        shape: 'rectangle',
        color: 'secondary',
        kinds: [
          'system',
        ],
      },
    ],
  },
  hash: 'vx3Xpek78rz5t3vCatp-HwwUuPi75XPMaMyMIi0kN9U',
  bounds: {
    x: -12,
    y: -12,
    width: 872,
    height: 881,
  },
  nodes: [
    {
      id: 'cloud',
      parent: null,
      level: 0,
      children: [
        'cloud.next',
        'cloud.ui',
        'cloud.legacy.backend',
      ],
      inEdges: [],
      outEdges: [
        'tddmf0',
      ],
      title: 'Cloud System',
      modelRef: 'cloud',
      shape: 'rectangle',
      color: 'secondary',
      style: {
        opacity: 10,
        size: 'md',
      },
      description: {
        txt: 'Our SaaS platfrom that allows\ncustomers to interact with\nthe latest technologies',
      },
      tags: [],
      notation: 'Software system',
      kind: 'system',
      depth: 2,
      navigateTo: 'cloud',
      x: 8,
      y: 8,
      width: 832,
      height: 613,
      labelBBox: {
        x: 6,
        y: 0,
        width: 91,
        height: 15,
      },
      links: null,
    },
    {
      id: 'cloud.next',
      parent: 'cloud',
      level: 1,
      children: [],
      inEdges: [],
      outEdges: [
        '7yh40i',
      ],
      title: 'Cloud Next',
      modelRef: 'cloud.next',
      shape: 'rectangle',
      color: 'secondary',
      style: {
        opacity: 50,
        size: 'md',
      },
      description: {
        txt: 'Cloud Next is the next version of our cloud systems',
      },
      tags: [],
      kind: 'container',
      navigateTo: 'cloud_next',
      x: 48,
      y: 69,
      width: 321,
      height: 180,
      labelBBox: {
        x: 18,
        y: 56,
        width: 286,
        height: 65,
      },
      links: null,
    },
    {
      id: 'cloud.ui',
      parent: 'cloud',
      level: 1,
      children: [],
      inEdges: [],
      outEdges: [
        'dus209',
      ],
      title: 'Frontends',
      modelRef: 'cloud.ui',
      shape: 'browser',
      color: 'secondary',
      style: {
        opacity: 50,
        size: 'md',
      },
      description: {
        txt: 'All the frontend applications\nof Cloud System',
      },
      tags: [],
      metadata: {
        version: '2.1.1',
      },
      kind: 'container',
      navigateTo: 'cloud_ui',
      x: 480,
      y: 69,
      width: 320,
      height: 180,
      labelBBox: {
        x: 66,
        y: 56,
        width: 188,
        height: 65,
      },
      links: null,
    },
    {
      id: 'cloud.legacy.backend',
      parent: 'cloud',
      level: 1,
      children: [
        'cloud.legacy.backend.services',
      ],
      inEdges: [
        '7yh40i',
        'dus209',
      ],
      outEdges: [
        'tddmf0',
      ],
      title: 'Legacy Backend',
      modelRef: 'cloud.legacy.backend',
      shape: 'rectangle',
      color: 'green',
      style: {
        opacity: 15,
        size: 'md',
        multiple: true,
      },
      description: {
        txt: 'The legacy version of backend',
      },
      tags: [],
      notation: 'Application',
      kind: 'app',
      depth: 1,
      x: 232,
      y: 316,
      width: 384,
      height: 265,
      labelBBox: {
        x: 6,
        y: 0,
        width: 108,
        height: 15,
      },
      navigateTo: null,
      links: null,
    },
    {
      id: 'cloud.legacy.backend.services',
      parent: 'cloud.legacy.backend',
      level: 2,
      children: [],
      inEdges: [
        '7yh40i',
        'dus209',
      ],
      outEdges: [
        'tddmf0',
      ],
      title: 'Legacy Backend Services',
      modelRef: 'cloud.legacy.backend.services',
      shape: 'rectangle',
      color: 'green',
      style: {
        opacity: 50,
        size: 'md',
      },
      description: {
        txt: 'Description of Legacy Backend Services',
      },
      tags: [
        'deprecated',
      ],
      kind: 'component',
      x: 264,
      y: 369,
      width: 320,
      height: 180,
      labelBBox: {
        x: 24,
        y: 65,
        width: 272,
        height: 47,
      },
      navigateTo: null,
      links: null,
    },
    {
      id: 'amazon',
      parent: null,
      level: 0,
      children: [],
      inEdges: [
        'tddmf0',
      ],
      outEdges: [],
      title: 'Amazon',
      modelRef: 'amazon',
      shape: 'rectangle',
      color: 'secondary',
      icon: 'tech:amazon-web-services',
      style: {
        opacity: 10,
        size: 'md',
      },
      description: {
        txt: 'Cloud and managed services provider',
      },
      tags: [],
      notation: 'External System',
      technology: 'Amazon Web Services',
      kind: 'externalSystem',
      navigateTo: 'amazon',
      x: 236,
      y: 669,
      width: 376,
      height: 180,
      labelBBox: {
        x: 46,
        y: 55,
        width: 314,
        height: 67,
      },
      links: null,
    },
  ],
  edges: [
    {
      id: '7yh40i',
      source: 'cloud.next',
      target: 'cloud.legacy.backend.services',
      label: 'calls legacy',
      points: [
        [
          317,
          249,
        ],
        [
          317,
          249,
        ],
        [
          317,
          359,
        ],
        [
          317,
          359,
        ],
      ],
      labelBBox: {
        x: 299,
        y: 281,
        width: 76,
        height: 18,
      },
      parent: 'cloud',
      relations: [
        '9uqi9s',
      ],
      color: 'gray',
      line: 'dashed',
      head: 'normal',
      isLabelCustomized: false,
      controlPoints: [
        {
          x: 249,
          y: 303,
        },
      ],
      navigateTo: null,
      tags: null,
    },
    {
      id: 'dus209',
      source: 'cloud.ui',
      target: 'cloud.legacy.backend.services',
      label: 'fetches via REST',
      points: [
        [
          532,
          249,
        ],
        [
          532,
          249,
        ],
        [
          532,
          359,
        ],
        [
          532,
          359,
        ],
      ],
      labelBBox: {
        x: 463,
        y: 285,
        width: 112,
        height: 18,
      },
      parent: 'cloud',
      relations: [
        '1o1q329',
        'z82ej1',
      ],
      color: 'gray',
      line: 'dashed',
      head: 'normal',
      kind: 'uses',
      isLabelCustomized: false,
      controlPoints: [
        {
          x: 607,
          y: 307,
        },
      ],
      navigateTo: null,
      tags: null,
    },
    {
      id: 'tddmf0',
      source: 'cloud.legacy.backend.services',
      target: 'amazon',
      label: 'reads/writes',
      points: [
        [
          424,
          549,
        ],
        [
          424,
          549,
        ],
        [
          424,
          659,
        ],
        [
          424,
          659,
        ],
      ],
      labelBBox: {
        x: 428,
        y: 595,
        width: 79,
        height: 18,
      },
      parent: null,
      relations: [
        '1hdkqxc',
      ],
      color: 'gray',
      line: 'dashed',
      head: 'normal',
      isLabelCustomized: false,
      controlPoints: null,
      navigateTo: null,
      tags: null,
    },
  ],
  _layout: 'manual',
}
