{
  _type: 'element',
  tags: null,
  links: null,
  viewOf: 'amazon.rds',
  _stage: 'layouted',
  sourcePath: 'externals.c4',
  description: {
    md: 'RDS databases used by the system',
  },
  title: 'External / Amazon / RDS',
  id: 'amazon_rds',
  autoLayout: {
    direction: 'TB',
  },
  notation: {
    nodes: [
      {
        title: 'Software system',
        shape: 'rectangle',
        color: 'muted',
        kinds: [
          'system',
        ],
      },
      {
        title: 'Database Table',
        shape: 'storage',
        color: 'green',
        kinds: [
          'table',
        ],
      },
    ],
  },
  hash: '795a99b40bf1ba41a33bacfe9d4b767c9fe0cb5e',
  bounds: {
    x: 8,
    y: -96,
    width: 1309,
    height: 866,
  },
  nodes: [
    {
      id: 'cloud',
      parent: null,
      level: 0,
      children: [
        'cloud.legacy',
        'cloud.ui',
        'cloud.next',
      ],
      inEdges: [],
      outEdges: [
        'v0i7bm',
        '148lniu',
        '1fltsjx',
      ],
      title: 'Cloud System',
      modelRef: 'cloud',
      shape: 'rectangle',
      color: 'muted',
      style: {
        opacity: 10,
        size: 'md',
      },
      description: {
        txt: 'Our SaaS platfrom that allows\ncustomers to interact with\nthe latest technologies',
      },
      tags: [],
      notation: 'Software system',
      kind: 'system',
      depth: 1,
      navigateTo: 'cloud',
      x: 35,
      y: -96,
      width: 1282,
      height: 386,
      labelBBox: {
        x: 6,
        y: 0,
        width: 93,
        height: 15,
      },
    },
    {
      id: 'cloud.legacy',
      parent: 'cloud',
      level: 1,
      children: [],
      inEdges: [],
      outEdges: [
        'v0i7bm',
      ],
      title: 'Cloud Larsars egacy',
      modelRef: 'cloud.legacy',
      shape: 'rectangle',
      color: 'secondary',
      style: {
        opacity: 50,
        size: 'md',
      },
      description: {
        md: 'The **legacy** version of our SaaS\nMVP as was presented to the first customers',
      },
      tags: [
        'deprecated',
      ],
      links: [
        {
          url: './.github/workflows/update-diagrams.yml#L19-L25',
          title: 'L19-L25',
          relative: '.github/workflows/update-diagrams.yml#L19-L25',
        },
      ],
      kind: 'container',
      navigateTo: 'cloud_legacy',
      x: 75,
      y: 70,
      width: 340,
      height: 180,
      labelBBox: {
        x: 18,
        y: 55,
        width: 305,
        height: 64,
      },
    },
    {
      id: 'cloud.ui',
      parent: 'cloud',
      level: 1,
      children: [],
      inEdges: [],
      outEdges: [
        '148lniu',
      ],
      title: 'Frontends',
      modelRef: 'cloud.ui',
      shape: 'browser',
      color: 'secondary',
      style: {
        opacity: 50,
        size: 'md',
      },
      description: {
        txt: 'All the frontend applications\nof Cloud System',
      },
      tags: [],
      kind: 'container',
      navigateTo: 'cloud_ui',
      x: 519,
      y: -38,
      width: 320,
      height: 180,
      labelBBox: {
        x: 66,
        y: 55,
        width: 188,
        height: 64,
      },
    },
    {
      id: 'cloud.next',
      parent: 'cloud',
      level: 1,
      children: [],
      inEdges: [],
      outEdges: [
        '1fltsjx',
      ],
      title: 'Cloud Next',
      modelRef: 'cloud.next',
      shape: 'rectangle',
      color: 'secondary',
      style: {
        opacity: 50,
        size: 'md',
      },
      description: {
        txt: 'Cloud Next is the next version of our cloud systems',
      },
      tags: [],
      kind: 'container',
      navigateTo: 'cloud_next',
      x: 955,
      y: 70,
      width: 322,
      height: 180,
      labelBBox: {
        x: 18,
        y: 55,
        width: 287,
        height: 64,
      },
    },
    {
      id: 'amazon.rds',
      parent: null,
      level: 0,
      children: [
        'amazon.rds.pg',
        'amazon.rds.aurora',
      ],
      inEdges: [
        'v0i7bm',
        '148lniu',
        '1fltsjx',
      ],
      outEdges: [],
      title: 'RDS',
      modelRef: 'amazon.rds',
      shape: 'storage',
      color: 'muted',
      icon: 'aws:rds',
      style: {
        opacity: 50,
        size: 'md',
      },
      description: {
        txt: 'Relational Database Service',
      },
      tags: [],
      kind: 'container',
      depth: 2,
      x: 8,
      y: 366,
      width: 926,
      height: 404,
      labelBBox: {
        x: 6,
        y: 0,
        width: 28,
        height: 15,
      },
    },
    {
      id: 'amazon.rds.pg',
      parent: 'amazon.rds',
      level: 1,
      children: [
        'amazon.rds.pg.tblUsers',
      ],
      inEdges: [
        'v0i7bm',
      ],
      outEdges: [],
      title: 'PostgreSQL',
      modelRef: 'amazon.rds.pg',
      shape: 'rectangle',
      color: 'green',
      icon: 'tech:postgresql',
      style: {
        opacity: 50,
        size: 'md',
      },
      tags: [
        'db',
      ],
      kind: 'component',
      depth: 1,
      x: 48,
      y: 421,
      width: 394,
      height: 266,
      labelBBox: {
        x: 6,
        y: 0,
        width: 81,
        height: 15,
      },
    },
    {
      id: 'amazon.rds.aurora',
      parent: 'amazon.rds',
      level: 1,
      children: [
        'amazon.rds.aurora.tblUsers',
      ],
      inEdges: [
        '148lniu',
        '1fltsjx',
      ],
      outEdges: [],
      title: 'Aurora',
      modelRef: 'amazon.rds.aurora',
      shape: 'storage',
      color: 'green',
      icon: 'tech:mysql',
      style: {
        opacity: 50,
        size: 'md',
      },
      description: {
        txt: 'Aurora RDS',
      },
      tags: [
        'db',
      ],
      kind: 'component',
      depth: 1,
      x: 494,
      y: 455,
      width: 400,
      height: 275,
      labelBBox: {
        x: 6,
        y: 0,
        width: 54,
        height: 15,
      },
    },
    {
      id: 'amazon.rds.pg.tblUsers',
      parent: 'amazon.rds.pg',
      level: 2,
      children: [],
      inEdges: [
        'v0i7bm',
      ],
      outEdges: [],
      title: 'Users Table',
      modelRef: 'amazon.rds.pg.tblUsers',
      shape: 'storage',
      color: 'green',
      icon: 'https://icons.terrastruct.com/dev%2Fpostgresql.svg',
      style: {
        opacity: 15,
        size: 'md',
      },
      description: {
        txt: 'Table with registered users. Contains references to Identity provider.\n[deprecated, moving to Aurora]',
      },
      tags: [
        'deprecated',
      ],
      notation: 'Database Table',
      kind: 'table',
      x: 80,
      y: 475,
      width: 330,
      height: 180,
      labelBBox: {
        x: 46,
        y: 37,
        width: 268,
        height: 100,
      },
    },
    {
      id: 'amazon.rds.aurora.tblUsers',
      parent: 'amazon.rds.aurora',
      level: 2,
      children: [],
      inEdges: [
        '148lniu',
        '1fltsjx',
      ],
      outEdges: [],
      title: 'Users Table',
      modelRef: 'amazon.rds.aurora.tblUsers',
      shape: 'storage',
      color: 'green',
      style: {
        opacity: 15,
        size: 'md',
      },
      description: {
        txt: 'Table with registered users.\nContains references to Identity provider.',
      },
      tags: [
        'next',
      ],
      notation: 'Database Table',
      kind: 'table',
      x: 536,
      y: 510,
      width: 320,
      height: 180,
      labelBBox: {
        x: 25,
        y: 55,
        width: 271,
        height: 64,
      },
    },
  ],
  edges: [
    {
      id: 'v0i7bm',
      source: 'cloud.legacy',
      target: 'amazon.rds.pg.tblUsers',
      label: 'reads/writes',
      dotpos: 'e,245,473.74 245,249.44 245,312.7 245,397.74 245,463.38',
      points: [
        [
          245,
          249,
        ],
        [
          245,
          313,
        ],
        [
          245,
          398,
        ],
        [
          245,
          463,
        ],
      ],
      labelBBox: {
        x: 245,
        y: 356,
        width: 77,
        height: 18,
      },
      parent: null,
      relations: [
        'wb50a3',
      ],
      color: 'gray',
      line: 'dashed',
      head: 'normal',
    },
    {
      id: '148lniu',
      source: 'cloud.ui',
      target: 'amazon.rds.aurora.tblUsers',
      label: 'reads users from the database',
      dotpos: 'e,681.11,473.74 683.9,249.44 683.11,312.7 682.06,397.74 681.24,463.38',
      points: [
        [
          684,
          249,
        ],
        [
          683,
          313,
        ],
        [
          682,
          398,
        ],
        [
          681,
          463,
        ],
      ],
      labelBBox: {
        x: 629,
        y: 326.5,
        width: 188,
        height: 38,
      },
      parent: null,
      relations: [
        '1h2p6gr',
      ],
      color: 'gray',
      line: 'dashed',
      head: 'normal',
      technology: 'postgres-rest',
      navigateTo: 'cloud-to-amazon',
      controlPoints: [
        {
          x: 623,
          y: 270.5,
        },
      ],
    },
    {
      id: '1fltsjx',
      source: 'cloud.next',
      target: 'amazon.rds.aurora.tblUsers',
      label: 'reads/writes',
      description: {
        md: '## Reads/writes users table.\n\n[deprecated, moving to Aurora]',
      },
      dotpos: 'e,776.35,474.44 1019.8,249.44 949.97,313.96 855.64,401.15 784.08,467.3',
      points: [
        [
          1020,
          249,
        ],
        [
          950,
          314,
        ],
        [
          856,
          401,
        ],
        [
          784,
          467,
        ],
      ],
      labelBBox: {
        x: 1037.5,
        y: 439,
        width: 77,
        height: 18,
      },
      parent: null,
      relations: [
        '14uyrh3',
      ],
      color: 'gray',
      line: 'dashed',
      head: 'normal',
      navigateTo: 'cloud-to-amazon',
      controlPoints: [
        {
          x: 1045.5,
          y: 430.5,
        },
      ],
    },
  ],
  _layout: 'manual',
  drifts: [
    'nodes-resized',
    'nodes-mismatch',
    'edges-mismatch',
  ],
}
