{
  _type: 'element',
  tags: null,
  links: null,
  viewOf: 'amazon',
  _stage: 'layouted',
  sourcePath: 'externals.c4',
  description: {
    md: 'Overview of Amazon services\nused by the system',
  },
  title: 'External / Overview Amazon',
  id: 'amazon',
  autoLayout: {
    direction: 'TB',
  },
  notation: {
    nodes: [
      {
        title: 'External System',
        shape: 'rectangle',
        color: 'muted',
        kinds: [
          'externalSystem',
        ],
      },
      {
        title: 'Software system',
        shape: 'rectangle',
        color: 'muted',
        kinds: [
          'system',
        ],
      },
    ],
  },
  hash: '9c99913b1ae318250b61c5c48f1deb8ca55c717a',
  bounds: {
    x: 8,
    y: 8,
    width: 1534,
    height: 633,
  },
  nodes: [
    {
      id: 'cloud',
      parent: null,
      level: 0,
      children: [
        'cloud.ui',
        'cloud.legacy',
        'cloud.next',
      ],
      inEdges: [],
      outEdges: [
        'zx8t4k',
        '1g755bx',
        'ihdm9b',
        'ihdrbv',
      ],
      title: 'Cloud System',
      modelRef: 'cloud',
      shape: 'rectangle',
      color: 'muted',
      style: {
        opacity: 10,
        size: 'md',
      },
      description: {
        txt: 'Our SaaS platfrom that allows\ncustomers to interact with\nthe latest technologies',
      },
      tags: [],
      notation: 'Software system',
      kind: 'system',
      depth: 1,
      navigateTo: 'cloud',
      x: 8,
      y: 8,
      width: 1283,
      height: 282,
      labelBBox: {
        x: 6,
        y: 0,
        width: 93,
        height: 15,
      },
    },
    {
      id: 'cloud.ui',
      parent: 'cloud',
      level: 1,
      children: [],
      inEdges: [],
      outEdges: [
        'zx8t4k',
      ],
      title: 'Frontends',
      modelRef: 'cloud.ui',
      shape: 'browser',
      color: 'secondary',
      style: {
        opacity: 50,
        size: 'md',
      },
      description: {
        txt: 'All the frontend applications\nof Cloud System',
      },
      tags: [],
      kind: 'container',
      navigateTo: 'cloud_ui',
      x: 48,
      y: 70,
      width: 320,
      height: 180,
      labelBBox: {
        x: 66,
        y: 55,
        width: 188,
        height: 64,
      },
    },
    {
      id: 'cloud.legacy',
      parent: 'cloud',
      level: 1,
      children: [],
      inEdges: [],
      outEdges: [
        '1g755bx',
      ],
      title: 'Cloud Legacy',
      modelRef: 'cloud.legacy',
      shape: 'rectangle',
      color: 'secondary',
      style: {
        opacity: 50,
        size: 'md',
      },
      description: {
        md: 'The **legacy** version of our SaaS\nMVP as was presented to the first customers',
      },
      tags: [
        'deprecated',
      ],
      links: [
        {
          url: './.github/workflows/update-diagrams.yml#L19-L25',
          title: 'L19-L25',
          relative: '.github/workflows/update-diagrams.yml#L19-L25',
        },
      ],
      kind: 'container',
      navigateTo: 'cloud_legacy',
      x: 478,
      y: 70,
      width: 340,
      height: 180,
      labelBBox: {
        x: 18,
        y: 55,
        width: 305,
        height: 64,
      },
    },
    {
      id: 'cloud.next',
      parent: 'cloud',
      level: 1,
      children: [],
      inEdges: [],
      outEdges: [
        'ihdm9b',
        'ihdrbv',
      ],
      title: 'Cloud Next',
      modelRef: 'cloud.next',
      shape: 'rectangle',
      color: 'secondary',
      style: {
        opacity: 50,
        size: 'md',
      },
      description: {
        txt: 'Cloud Next is the next version of our cloud systems',
      },
      tags: [],
      kind: 'container',
      navigateTo: 'cloud_next',
      x: 929,
      y: 70,
      width: 322,
      height: 180,
      labelBBox: {
        x: 18,
        y: 55,
        width: 287,
        height: 64,
      },
    },
    {
      id: 'amazon',
      parent: null,
      level: 0,
      children: [
        'amazon.lambdas',
        'amazon.rds',
        'amazon.sqs',
      ],
      inEdges: [
        'zx8t4k',
        '1g755bx',
        'ihdm9b',
        'ihdrbv',
      ],
      outEdges: [],
      title: 'Amazon',
      modelRef: 'amazon',
      shape: 'rectangle',
      color: 'muted',
      icon: 'tech:amazon-web-services',
      style: {
        opacity: 10,
        size: 'md',
      },
      description: {
        txt: 'Cloud and managed services provider',
      },
      tags: [],
      notation: 'External System',
      kind: 'externalSystem',
      depth: 1,
      x: 256,
      y: 257,
      width: 1286,
      height: 384,
      labelBBox: {
        x: 6,
        y: 0,
        width: 53,
        height: 15,
      },
    },
    {
      id: 'amazon.lambdas',
      parent: 'amazon',
      level: 1,
      children: [],
      inEdges: [],
      outEdges: [
        '1arnuy7',
      ],
      title: 'Lambdas',
      modelRef: 'amazon.lambdas',
      shape: 'rectangle',
      color: 'green',
      style: {
        opacity: 50,
        size: 'md',
      },
      description: {
        txt: 'Serverless compute',
      },
      tags: [
        'deprecated',
        'api',
        'db',
      ],
      kind: 'container',
      navigateTo: 'amazon_lambdas',
      x: 698,
      y: 313,
      width: 320,
      height: 180,
      labelBBox: {
        x: 92,
        y: 64,
        width: 137,
        height: 47,
      },
    },
    {
      id: 'amazon.rds',
      parent: 'amazon',
      level: 1,
      children: [],
      inEdges: [
        'zx8t4k',
        '1g755bx',
        'ihdm9b',
      ],
      outEdges: [],
      title: 'RDS',
      modelRef: 'amazon.rds',
      shape: 'storage',
      color: 'green',
      icon: 'aws:rds',
      style: {
        opacity: 50,
        size: 'md',
      },
      description: {
        txt: 'Relational Database Service',
      },
      tags: [],
      kind: 'container',
      navigateTo: 'amazon_rds',
      x: 296,
      y: 421,
      width: 320,
      height: 180,
      labelBBox: {
        x: 50,
        y: 64,
        width: 250,
        height: 47,
      },
    },
    {
      id: 'amazon.sqs',
      parent: 'amazon',
      level: 1,
      children: [],
      inEdges: [
        '1arnuy7',
        'ihdrbv',
      ],
      outEdges: [],
      title: 'SQS',
      modelRef: 'amazon.sqs',
      shape: 'rectangle',
      color: 'green',
      icon: 'aws:simple-queue-service',
      style: {
        opacity: 50,
        size: 'md',
      },
      description: {
        txt: 'Simple Queue Service',
      },
      tags: [],
      kind: 'container',
      navigateTo: 'amazon_sqs',
      x: 1182,
      y: 421,
      width: 320,
      height: 180,
      labelBBox: {
        x: 70,
        y: 64,
        width: 210,
        height: 47,
      },
    },
  ],
  edges: [
    {
      id: '1arnuy7',
      source: 'amazon.lambdas',
      target: 'amazon.sqs',
      label: '[...]',
      dotpos: 'e,1182,511 1045.8,511 1086.5,511 1130.4,511 1171.6,511',
      points: [
        [
          1046,
          511,
        ],
        [
          1087,
          511,
        ],
        [
          1130,
          511,
        ],
        [
          1172,
          511,
        ],
      ],
      labelBBox: {
        x: 1099,
        y: 508,
        width: 24,
        height: 18,
      },
      parent: 'amazon',
      relations: [
        '84y0vy',
        '9dq89q',
      ],
      color: 'gray',
      line: 'dashed',
      head: 'normal',
      controlPoints: [
        {
          x: 1109,
          y: 511,
        },
      ],
    },
    {
      id: 'zx8t4k',
      source: 'cloud.ui',
      target: 'amazon.rds',
      label: 'reads users from the database',
      dotpos: 'e,381.54,420.37 261.57,249.3 281.99,281.95 305.97,318.9 329.25,351.5 343.56,371.54 359.5,392.44 375.11,412.25',
      points: [
        [
          262,
          249,
        ],
        [
          282,
          282,
        ],
        [
          306,
          319,
        ],
        [
          329,
          352,
        ],
        [
          344,
          372,
        ],
        [
          360,
          392,
        ],
        [
          375,
          412,
        ],
      ],
      labelBBox: {
        x: 315.5,
        y: 332.5,
        width: 188,
        height: 38,
      },
      parent: null,
      relations: [
        '1h2p6gr',
      ],
      color: 'gray',
      line: 'dashed',
      head: 'normal',
      technology: 'postgres-rest',
      navigateTo: 'cloud-to-amazon',
    },
    {
      id: '1g755bx',
      source: 'cloud.legacy',
      target: 'amazon.rds',
      label: 'reads/writes',
      dotpos: 'e,505.31,420.23 599.3,249.15 572.16,298.56 538.29,360.21 510.29,411.17',
      points: [
        [
          599,
          249,
        ],
        [
          572,
          299,
        ],
        [
          538,
          360,
        ],
        [
          510,
          411,
        ],
      ],
      labelBBox: {
        x: 554.5,
        y: 330,
        width: 77,
        height: 18,
      },
      parent: null,
      relations: [
        'wb50a3',
      ],
      color: 'gray',
      line: 'dashed',
      head: 'normal',
    },
    {
      id: 'ihdm9b',
      source: 'cloud.next',
      target: 'amazon.rds',
      label: 'reads/writes',
      description: {
        md: '## Reads/writes users table.\n\n[deprecated, moving to Aurora]',
      },
      dotpos: 'e,568.35,422.62 949.83,249.4 924.72,263.71 898.44,277.68 873,289.5 786.83,329.54 755.62,316.29 671,359.5 639.1,375.79 606.52,396.27 576.68,416.82',
      points: [
        [
          950,
          249,
        ],
        [
          925,
          264,
        ],
        [
          898,
          278,
        ],
        [
          873,
          290,
        ],
        [
          787,
          330,
        ],
        [
          756,
          316,
        ],
        [
          671,
          360,
        ],
        [
          639,
          376,
        ],
        [
          607,
          396,
        ],
        [
          577,
          417,
        ],
      ],
      labelBBox: {
        x: 760.5,
        y: 326,
        width: 77,
        height: 18,
      },
      parent: null,
      relations: [
        '14uyrh3',
      ],
      color: 'gray',
      line: 'dashed',
      head: 'normal',
      navigateTo: 'cloud-to-amazon',
    },
    {
      id: 'ihdrbv',
      source: 'cloud.next',
      target: 'amazon.sqs',
      label: 'publishes events',
      description: {
        txt: '        ',
      },
      dotpos: 'e,1277.9,421.15 1153.9,249.15 1189.9,299.05 1234.9,361.44 1271.8,412.69',
      points: [
        [
          1154,
          249,
        ],
        [
          1190,
          299,
        ],
        [
          1235,
          361,
        ],
        [
          1272,
          413,
        ],
      ],
      labelBBox: {
        x: 1213,
        y: 331,
        width: 105,
        height: 18,
      },
      parent: null,
      relations: [
        '13t2tod',
        '1kvdqv3',
        '1tl8shp',
      ],
      color: 'gray',
      line: 'dashed',
      head: 'normal',
      navigateTo: 'cloud-to-amazon',
    },
  ],
}