{
  _type: 'element',
  tags: null,
  links: null,
  viewOf: 'cloud.legacy.backend',
  _stage: 'layouted',
  sourcePath: 'cloud/legacy.c4',
  description: null,
  title: 'Context / Cloud / Legacy / Backend',
  id: 'cloud_legacy_backend',
  autoLayout: {
    direction: 'TB',
    nodeSep: 363,
    rankSep: 225,
  },
  notation: {
    nodes: [
      {
        title: 'Application',
        shape: 'rectangle',
        color: 'green',
        kinds: [
          'app',
        ],
      },
      {
        title: 'External System',
        shape: 'rectangle',
        color: 'secondary',
        kinds: [
          'externalSystem',
        ],
      },
      {
        title: 'Software system',
        shape: 'rectangle',
        color: 'secondary',
        kinds: [
          'system',
        ],
      },
    ],
  },
  hash: 'ce679a2825cd0d3fc26c8be03ce9f7c22ddbd02f',
  bounds: {
    x: -9,
    y: 14,
    width: 1101,
    height: 1093,
  },
  nodes: [
    {
      id: 'cloud',
      parent: null,
      level: 0,
      children: [
        'cloud.ui',
        'cloud.next',
        'cloud.legacy.backend',
      ],
      inEdges: [],
      outEdges: [
        'tddmf0',
      ],
      title: 'Cloud System',
      modelRef: 'cloud',
      shape: 'rectangle',
      color: 'secondary',
      style: {
        opacity: 10,
        size: 'md',
      },
      description: {
        txt: 'Our SaaS platfrom that allows\ncustomers to interact with\nthe latest technologies',
      },
      tags: [],
      notation: 'Software system',
      kind: 'system',
      depth: 2,
      navigateTo: 'cloud',
      x: -9,
      y: 14,
      width: 1101,
      height: 736,
      labelBBox: {
        x: 6,
        y: 0,
        width: 91,
        height: 15,
      },
    },
    {
      id: 'cloud.ui',
      parent: 'cloud',
      level: 1,
      children: [],
      inEdges: [],
      outEdges: [
        'dus209',
      ],
      title: 'Frontends',
      modelRef: 'cloud.ui',
      shape: 'browser',
      color: 'secondary',
      style: {
        opacity: 50,
        size: 'md',
      },
      description: {
        txt: 'All the frontend applications\nof Cloud System',
      },
      tags: [],
      kind: 'container',
      navigateTo: 'cloud_ui',
      x: 30,
      y: 392,
      width: 320,
      height: 180,
      labelBBox: {
        x: 66,
        y: 54,
        width: 188,
        height: 66,
      },
    },
    {
      id: 'cloud.next',
      parent: 'cloud',
      level: 1,
      children: [],
      inEdges: [],
      outEdges: [
        '7yh40i',
      ],
      title: 'Cloud Next',
      modelRef: 'cloud.next',
      shape: 'rectangle',
      color: 'secondary',
      style: {
        opacity: 50,
        size: 'md',
      },
      description: {
        txt: 'Cloud Next is the next version of our cloud systems',
      },
      tags: [],
      kind: 'container',
      navigateTo: 'cloud_next',
      x: 731,
      y: 69,
      width: 321,
      height: 180,
      labelBBox: {
        x: 18,
        y: 54,
        width: 286,
        height: 66,
      },
    },
    {
      id: 'cloud.legacy.backend',
      parent: 'cloud',
      level: 1,
      children: [
        'cloud.legacy.backend.services',
      ],
      inEdges: [
        'dus209',
        '7yh40i',
      ],
      outEdges: [
        'tddmf0',
      ],
      title: 'Legacy Backend',
      modelRef: 'cloud.legacy.backend',
      shape: 'rectangle',
      color: 'green',
      style: {
        opacity: 15,
        size: 'md',
        multiple: true,
      },
      description: {
        txt: 'The legacy version of backend',
      },
      tags: [],
      notation: 'Application',
      kind: 'app',
      depth: 1,
      x: 504,
      y: 445,
      width: 384,
      height: 265,
      labelBBox: {
        x: 6,
        y: 0,
        width: 108,
        height: 15,
      },
    },
    {
      id: 'cloud.legacy.backend.services',
      parent: 'cloud.legacy.backend',
      level: 2,
      children: [],
      inEdges: [
        'dus209',
        '7yh40i',
      ],
      outEdges: [
        'tddmf0',
      ],
      title: 'Legacy Backend Services',
      modelRef: 'cloud.legacy.backend.services',
      shape: 'rectangle',
      color: 'green',
      style: {
        opacity: 50,
        size: 'md',
      },
      description: {
        txt: 'Description of Legacy Backend Services',
      },
      tags: [
        'deprecated',
      ],
      kind: 'component',
      x: 536,
      y: 498,
      width: 320,
      height: 180,
      labelBBox: {
        x: 24,
        y: 63,
        width: 272,
        height: 48,
      },
    },
    {
      id: 'amazon',
      parent: null,
      level: 0,
      children: [],
      inEdges: [
        'tddmf0',
      ],
      outEdges: [],
      title: 'Amazon',
      modelRef: 'amazon',
      shape: 'rectangle',
      color: 'secondary',
      icon: 'tech:amazon-web-services',
      style: {
        opacity: 10,
        size: 'md',
      },
      description: {
        txt: 'Cloud and managed services provider',
      },
      tags: [],
      notation: 'External System',
      kind: 'externalSystem',
      navigateTo: 'amazon',
      x: 508,
      y: 927,
      width: 376,
      height: 180,
      labelBBox: {
        x: 46,
        y: 63,
        width: 314,
        height: 47,
      },
    },
  ],
  edges: [
    {
      id: 'dus209',
      source: 'cloud.ui',
      target: 'cloud.legacy.backend.services',
      label: 'fetches via REST',
      dotpos: 'e,594.42,498.16 309.71,249.15 390.7,319.99 503.84,418.94 586.75,491.45',
      points: [
        [
          310,
          249,
        ],
        [
          391,
          320,
        ],
        [
          504,
          419,
        ],
        [
          587,
          491,
        ],
      ],
      labelBBox: {
        x: 487,
        y: 390.5,
        width: 112,
        height: 18,
      },
      parent: 'cloud',
      relations: [
        'b38fhv',
        '8mkfun',
      ],
      color: 'gray',
      line: 'dashed',
      head: 'normal',
      kind: 'uses',
      controlPoints: [
        {
          x: 448,
          y: 370,
        },
      ],
    },
    {
      id: '7yh40i',
      source: 'cloud.next',
      target: 'cloud.legacy.backend.services',
      label: null,
      dotpos: 'e,740.55,498.45 854.86,248.99 837.19,290.51 815.49,340.5 795,385 779.25,419.21 761.31,456.31 745.08,489.27',
      points: [
        [
          855,
          249,
        ],
        [
          837,
          291,
        ],
        [
          815,
          341,
        ],
        [
          795,
          385,
        ],
        [
          779,
          419,
        ],
        [
          761,
          456,
        ],
        [
          745,
          489,
        ],
      ],
      labelBBox: null,
      parent: 'cloud',
      relations: [
        'i1pi95',
      ],
      color: 'gray',
      line: 'dashed',
      head: 'normal',
    },
    {
      id: 'tddmf0',
      source: 'cloud.legacy.backend.services',
      target: 'amazon',
      label: 'reads/writes',
      dotpos: 'e,696,926.96 696,677.95 696,747.57 696,844.36 696,916.5',
      points: [
        [
          696,
          678,
        ],
        [
          696,
          748,
        ],
        [
          696,
          844,
        ],
        [
          696,
          917,
        ],
      ],
      labelBBox: {
        x: 696,
        y: 797.5,
        width: 79,
        height: 18,
      },
      parent: null,
      relations: [
        'wb50a3',
      ],
      color: 'gray',
      line: 'dashed',
      head: 'normal',
    },
  ],
}