{
  _type: 'element',
  tags: null,
  links: null,
  viewOf: 'cloud',
  _stage: 'layouted',
  sourcePath: 'views.c4',
  description: {
    txt: 'Edges drawn with right-angle bends; has a manual layout with an edited edge',
  },
  title: 'Orthogonal routing',
  id: 'ortho-routing',
  routing: 'ortho',
  autoLayout: {
    direction: 'TB',
  },
  notation: {
    nodes: [
      {
        title: 'Application',
        shape: 'browser',
        color: 'primary',
        kinds: [
          'app',
        ],
      },
      {
        title: 'Mobile Application',
        shape: 'mobile',
        color: 'primary',
        kinds: [
          'mobileApp',
        ],
      },
      {
        title: 'Person',
        shape: 'person',
        color: 'primary',
        kinds: [
          'actor',
        ],
      },
      {
        title: 'Application',
        shape: 'rectangle',
        color: 'primary',
        kinds: [
          'app',
        ],
      },
      {
        title: 'External System',
        shape: 'rectangle',
        color: 'amber',
        kinds: [
          'externalSystem',
        ],
      },
      {
        title: 'Software system',
        shape: 'rectangle',
        color: 'sky',
        kinds: [
          'system',
        ],
      },
    ],
  },
  hash: 'vtiYUGYhBQHcCd07kuxyNk2Pe5nCcTZlpTOs6jjFraQ',
  bounds: {
    x: -14,
    y: -20,
    width: 1161,
    height: 1730,
  },
  nodes: [
    {
      id: 'customer',
      parent: null,
      level: 0,
      children: [],
      inEdges: [],
      outEdges: [
        'v1ckrr',
        '1uzcqkj',
      ],
      title: 'Cloud System Customer',
      modelRef: 'customer',
      shape: 'person',
      color: 'primary',
      style: {
        opacity: 15,
        size: 'md',
      },
      description: {
        txt: 'The regular customer of the system',
      },
      tags: [],
      notation: 'Person',
      kind: 'actor',
      navigateTo: 'customer',
      x: 287,
      y: 0,
      width: 360,
      height: 180,
      labelBBox: {
        x: 46,
        y: 65,
        width: 298,
        height: 47,
      },
    },
    {
      id: 'cloud',
      parent: null,
      level: 0,
      children: [
        'cloud.ui',
        'cloud.next',
        'cloud.legacy',
      ],
      inEdges: [
        'v1ckrr',
        '1uzcqkj',
      ],
      outEdges: [
        '148txyu',
        '1elbqem',
        'flr7sl',
      ],
      title: 'Cloud System',
      modelRef: 'cloud',
      shape: 'rectangle',
      color: 'sky',
      style: {
        opacity: 10,
        size: 'md',
      },
      description: {
        md: '> [!NOTE]\n> Helpful advice for better results.\n\nOur SaaS platform that allows\ncustomers to interact with\nthe latest technologies\n\n![LikeC4 Logo](https://likec4.dev/favicon.svg)',
      },
      tags: [],
      notation: 'Software system',
      kind: 'system',
      depth: 2,
      navigateTo: 'cloud',
      x: 6,
      y: 189,
      width: 1121,
      height: 1283,
      labelBBox: {
        x: 6,
        y: 0,
        width: 91,
        height: 15,
      },
    },
    {
      id: 'cloud.ui',
      parent: 'cloud',
      level: 1,
      children: [
        'cloud.ui.dashboard',
        'cloud.ui.mobile',
      ],
      inEdges: [
        'v1ckrr',
        '1uzcqkj',
      ],
      outEdges: [
        '1nbac95',
        '4yyvxp',
        'x3ez50',
        '1nyed1c',
      ],
      title: 'Frontends',
      modelRef: 'cloud.ui',
      shape: 'rectangle',
      color: 'primary',
      style: {
        opacity: 50,
        size: 'md',
      },
      description: {
        txt: 'All the frontend applications\nof Cloud System',
      },
      tags: [],
      metadata: {
        version: '2.1.1',
      },
      kind: 'container',
      depth: 1,
      navigateTo: 'cloud_ui',
      x: 48,
      y: 249,
      width: 846,
      height: 281,
      labelBBox: {
        x: 6,
        y: 0,
        width: 72,
        height: 15,
      },
    },
    {
      id: 'cloud.ui.dashboard',
      parent: 'cloud.ui',
      level: 2,
      children: [],
      inEdges: [
        'v1ckrr',
      ],
      outEdges: [
        '1nbac95',
        'x3ez50',
      ],
      title: 'Customer Dashboard',
      modelRef: 'cloud.ui.dashboard',
      shape: 'browser',
      color: 'primary',
      style: {
        opacity: 15,
        size: 'md',
      },
      description: {
        txt: 'Nextjs application, hosted on Vercel',
      },
      tags: [],
      notation: 'Application',
      kind: 'app',
      navigateTo: 'cloud_ui_dashboard',
      x: 88,
      y: 310,
      width: 320,
      height: 180,
      labelBBox: {
        x: 39,
        y: 65,
        width: 242,
        height: 47,
      },
    },
    {
      id: 'cloud.ui.mobile',
      parent: 'cloud.ui',
      level: 2,
      children: [],
      inEdges: [
        '1uzcqkj',
      ],
      outEdges: [
        '4yyvxp',
        '1nyed1c',
      ],
      title: 'Customer Mobile App',
      modelRef: 'cloud.ui.mobile',
      shape: 'mobile',
      color: 'primary',
      icon: 'tech:swift',
      style: {
        opacity: 15,
        size: 'md',
      },
      description: {
        txt: 'Native iOS Application\nwritten in Swift',
      },
      tags: [],
      notation: 'Mobile Application',
      technology: 'Swift',
      kind: 'mobileApp',
      navigateTo: 'mobile',
      x: 518,
      y: 310,
      width: 336,
      height: 180,
      labelBBox: {
        x: 56,
        y: 47,
        width: 264,
        height: 84,
      },
    },
    {
      id: 'cloud.next',
      parent: 'cloud',
      level: 1,
      children: [
        'cloud.next.graphql',
        'cloud.next.backend',
        'cloud.next.events',
      ],
      inEdges: [
        'x3ez50',
        '1nyed1c',
      ],
      outEdges: [
        '1mrbzo2',
        '1elbqem',
        'flr7sl',
      ],
      title: 'Cloud Next',
      modelRef: 'cloud.next',
      shape: 'rectangle',
      color: 'primary',
      icon: 'file://./images/cloud-next.svg',
      style: {
        opacity: 50,
        size: 'md',
      },
      description: {
        txt: 'Cloud Next is the next version of our cloud systems',
      },
      tags: [],
      kind: 'container',
      depth: 1,
      navigateTo: 'cloud_next',
      x: 48,
      y: 549,
      width: 402,
      height: 881,
      labelBBox: {
        x: 6,
        y: 0,
        width: 76,
        height: 15,
      },
    },
    {
      id: 'cloud.next.graphql',
      parent: 'cloud.next',
      level: 2,
      children: [],
      inEdges: [
        'x3ez50',
        '1nyed1c',
      ],
      outEdges: [
        'eyf9b1',
        '1djyz7y',
        '8gzokf',
      ],
      title: 'GraphQL',
      modelRef: 'cloud.next.graphql',
      shape: 'rectangle',
      color: 'primary',
      icon: 'tech:graphql',
      style: {
        opacity: 50,
        size: 'md',
      },
      description: {
        md: 'GraphQL API for the backend\nUses [Apollo Server](https://www.apollographql.com/docs/apollo-server/)',
      },
      tags: [
        'api',
        'next',
      ],
      technology: 'Graphql',
      kind: 'component',
      navigateTo: 'graphql',
      x: 88,
      y: 610,
      width: 321,
      height: 180,
      labelBBox: {
        x: 46,
        y: 47,
        width: 260,
        height: 84,
      },
    },
    {
      id: 'cloud.next.backend',
      parent: 'cloud.next',
      level: 2,
      children: [],
      inEdges: [
        'eyf9b1',
        '1djyz7y',
        '8gzokf',
      ],
      outEdges: [
        '1mrbzo2',
        '1elbqem',
        '1590sfl',
      ],
      title: 'Backend V2',
      modelRef: 'cloud.next.backend',
      shape: 'rectangle',
      color: 'primary',
      icon: 'tech:nestjs',
      style: {
        opacity: 15,
        size: 'md',
        multiple: true,
      },
      description: {
        txt: 'The next version of backend',
      },
      tags: [
        'api',
      ],
      notation: 'Application',
      technology: 'Nestjs',
      kind: 'app',
      navigateTo: 'backend',
      x: 89,
      y: 910,
      width: 320,
      height: 180,
      labelBBox: {
        x: 50,
        y: 56,
        width: 250,
        height: 66,
      },
    },
    {
      id: 'cloud.legacy',
      parent: 'cloud',
      level: 1,
      children: [],
      inEdges: [
        '1nbac95',
        '4yyvxp',
        '1mrbzo2',
      ],
      outEdges: [
        '148txyu',
      ],
      title: 'Cloud Legacy',
      modelRef: 'cloud.legacy',
      shape: 'rectangle',
      color: 'primary',
      icon: 'file://./images/cloud.svg',
      style: {
        opacity: 50,
        size: 'md',
      },
      description: {
        txt: 'The legacy version of our SaaS\nMVP as was presented to the first customers',
      },
      tags: [],
      links: [
        {
          url: './.github/workflows/update-diagrams.yml#L19-L25',
          title: 'L19-L25',
          relative: '.github/workflows/update-diagrams.yml#L19-L25',
        },
      ],
      kind: 'container',
      navigateTo: 'cloud_legacy',
      x: 737,
      y: 1248,
      width: 348,
      height: 180,
      labelBBox: {
        x: 46,
        y: 47,
        width: 286,
        height: 83,
      },
    },
    {
      id: 'cloud.next.events',
      parent: 'cloud.next',
      level: 2,
      children: [],
      inEdges: [
        '1590sfl',
      ],
      outEdges: [
        'flr7sl',
      ],
      title: 'Events Manager',
      modelRef: 'cloud.next.events',
      shape: 'rectangle',
      color: 'primary',
      style: {
        opacity: 50,
        size: 'md',
      },
      tags: [],
      kind: 'component',
      x: 89,
      y: 1210,
      width: 320,
      height: 180,
      labelBBox: {
        x: 85,
        y: 76,
        width: 150,
        height: 24,
      },
    },
    {
      id: 'amazon',
      parent: null,
      level: 0,
      children: [],
      inEdges: [
        '148txyu',
        '1elbqem',
        'flr7sl',
      ],
      outEdges: [],
      title: 'Amazon',
      modelRef: 'amazon',
      shape: 'rectangle',
      color: 'amber',
      icon: 'tech:amazon-web-services',
      style: {
        opacity: 10,
        size: 'md',
      },
      description: {
        txt: 'Cloud and managed services provider',
      },
      tags: [],
      notation: 'External System',
      technology: 'Amazon Web Services',
      kind: 'externalSystem',
      navigateTo: 'amazon',
      x: 505,
      y: 1510,
      width: 376,
      height: 180,
      labelBBox: {
        x: 46,
        y: 56,
        width: 314,
        height: 66,
      },
    },
  ],
  edges: [
    {
      id: '148txyu',
      source: 'cloud.legacy',
      target: 'amazon',
      label: 'reads/writes',
      points: [
        [
          845,
          1416,
        ],
        [
          845,
          1416,
        ],
        [
          765,
          1512,
        ],
        [
          765,
          1512,
        ],
      ],
      labelBBox: {
        x: 710,
        y: 1442,
        width: 79,
        height: 18,
      },
      parent: null,
      relations: [
        '1x0e4p3',
      ],
      color: 'gray',
      line: 'dashed',
      head: 'normal',
      isLabelCustomized: false,
      controlPoints: [
        {
          x: 805,
          y: 1464,
        },
      ],
    },
    {
      id: 'v1ckrr',
      source: 'customer',
      target: 'cloud.ui.dashboard',
      label: 'opens in the browser vit HTTPS',
      points: [
        [
          348,
          180,
        ],
        [
          348,
          180,
        ],
        [
          348,
          300,
        ],
        [
          348,
          300,
        ],
      ],
      labelBBox: {
        x: 352,
        y: 231,
        width: 202,
        height: 18,
      },
      parent: null,
      relations: [
        'bnlz8d',
      ],
      color: 'gray',
      line: 'dashed',
      head: 'normal',
      isLabelCustomized: false,
      controlPoints: null,
    },
    {
      id: '1uzcqkj',
      source: 'customer',
      target: 'cloud.ui.mobile',
      label: 'opens on a mobile device',
      points: [
        [
          582,
          180,
        ],
        [
          582,
          180,
        ],
        [
          582,
          300,
        ],
        [
          582,
          300,
        ],
      ],
      labelBBox: {
        x: 586,
        y: 231,
        width: 163,
        height: 18,
      },
      parent: null,
      relations: [
        'rz30ey',
      ],
      color: 'gray',
      line: 'dashed',
      head: 'normal',
      isLabelCustomized: false,
      controlPoints: null,
    },
    {
      id: '1nbac95',
      source: 'cloud.ui.dashboard',
      target: 'cloud.legacy',
      label: 'fetches via REST',
      points: [
        [
          423,
          402,
        ],
        [
          485,
          403,
        ],
        [
          539,
          404,
        ],
        [
          539,
          404,
        ],
        [
          539,
          404,
        ],
        [
          708,
          1303,
        ],
        [
          708,
          1303,
        ],
        [
          708,
          1303,
        ],
        [
          710,
          1303,
        ],
        [
          710,
          1303,
        ],
      ],
      labelBBox: {
        x: 543,
        y: 859,
        width: 112,
        height: 18,
      },
      parent: 'cloud',
      relations: [
        'xtw4wm',
      ],
      color: 'gray',
      line: 'dashed',
      head: 'normal',
      isLabelCustomized: false,
      controlPoints: [
        {
          x: 539,
          y: 404,
        },
      ],
    },
    {
      id: '4yyvxp',
      source: 'cloud.ui.mobile',
      target: 'cloud.legacy',
      label: 'fetches via REST',
      points: [
        [
          791,
          493,
        ],
        [
          791,
          493,
        ],
        [
          963,
          1233,
        ],
        [
          963,
          1233,
        ],
      ],
      labelBBox: {
        x: 915,
        y: 1050,
        width: 112,
        height: 18,
      },
      parent: 'cloud',
      relations: [
        '1f9afwa',
      ],
      color: 'gray',
      line: 'dashed',
      head: 'normal',
      kind: 'uses',
      isLabelCustomized: false,
      controlPoints: [
        {
          x: 877,
          y: 863,
        },
      ],
    },
    {
      id: 'x3ez50',
      source: 'cloud.ui.dashboard',
      target: 'cloud.next.graphql',
      label: '[...]',
      points: [
        [
          248,
          490,
        ],
        [
          248,
          490,
        ],
        [
          248,
          600,
        ],
        [
          248,
          600,
        ],
      ],
      labelBBox: {
        x: 252,
        y: 536,
        width: 25,
        height: 18,
      },
      parent: 'cloud',
      relations: [
        'zs6ilk',
        'z3pb66',
      ],
      color: 'gray',
      line: 'dashed',
      head: 'normal',
      isLabelCustomized: false,
      controlPoints: null,
    },
    {
      id: '1nyed1c',
      source: 'cloud.ui.mobile',
      target: 'cloud.next.graphql',
      label: '[...]',
      points: [
        [
          687,
          490,
        ],
        [
          687,
          578,
        ],
        [
          687,
          700,
        ],
        [
          687,
          700,
        ],
        [
          687,
          700,
        ],
        [
          420,
          700,
        ],
        [
          420,
          700,
        ],
      ],
      labelBBox: {
        x: 541,
        y: 678,
        width: 25,
        height: 18,
      },
      parent: 'cloud',
      relations: [
        '1gubmys',
        '1qdr9ts',
      ],
      color: 'gray',
      line: 'dashed',
      head: 'normal',
      isLabelCustomized: false,
      controlPoints: null,
    },
    {
      id: '1mrbzo2',
      source: 'cloud.next.backend',
      target: 'cloud.legacy',
      label: 'calls legacy',
      points: [
        [
          456,
          978,
        ],
        [
          581,
          983,
        ],
        [
          715,
          989,
        ],
        [
          715,
          989,
        ],
        [
          715,
          989,
        ],
        [
          767,
          1228,
        ],
        [
          767,
          1228,
        ],
      ],
      labelBBox: {
        x: 719,
        y: 1154,
        width: 76,
        height: 18,
      },
      parent: 'cloud',
      relations: [
        'hgf78w',
      ],
      color: 'gray',
      line: 'dashed',
      head: 'normal',
      isLabelCustomized: false,
      controlPoints: [
        {
          x: 715,
          y: 989,
        },
      ],
    },
    {
      id: '1elbqem',
      source: 'cloud.next.backend',
      target: 'amazon',
      label: '[...]',
      points: [
        [
          409,
          1030,
        ],
        [
          463,
          1030,
        ],
        [
          511,
          1030,
        ],
        [
          511,
          1030,
        ],
        [
          511,
          1030,
        ],
        [
          511,
          1500,
        ],
        [
          511,
          1500,
        ],
      ],
      labelBBox: {
        x: 434,
        y: 1244,
        width: 73,
        height: 42,
      },
      parent: null,
      relations: [
        '1dngwrt',
        '16n18n2',
      ],
      color: 'gray',
      line: 'dashed',
      head: 'normal',
      technology: 'AWS SDK',
      navigateTo: 'cloud-to-amazon',
      isLabelCustomized: false,
      controlPoints: null,
    },
    {
      id: 'flr7sl',
      source: 'cloud.next.events',
      target: 'amazon',
      label: 'publishes events',
      points: [
        [
          409,
          1330,
        ],
        [
          462,
          1330,
        ],
        [
          508,
          1330,
        ],
        [
          508,
          1330,
        ],
        [
          508,
          1330,
        ],
        [
          508,
          1500,
        ],
        [
          508,
          1500,
        ],
      ],
      labelBBox: {
        x: 512,
        y: 1406,
        width: 108,
        height: 18,
      },
      parent: null,
      relations: [
        '1licbk',
        'boaog0',
        'm4xupu',
      ],
      color: 'gray',
      line: 'dashed',
      head: 'normal',
      navigateTo: 'cloud-to-amazon',
      isLabelCustomized: false,
      controlPoints: null,
    },
    {
      id: '1590sfl',
      source: 'cloud.next.backend',
      target: 'cloud.next.events',
      label: 'emits',
      points: [
        [
          249,
          1090,
        ],
        [
          249,
          1090,
        ],
        [
          249,
          1200,
        ],
        [
          249,
          1200,
        ],
      ],
      labelBBox: {
        x: 253,
        y: 1136,
        width: 37,
        height: 18,
      },
      parent: 'cloud.next',
      relations: [
        'q49uwq',
      ],
      color: 'gray',
      line: 'dashed',
      head: 'normal',
      isLabelCustomized: false,
      controlPoints: null,
    },
    {
      id: 'eyf9b1',
      source: 'cloud.next.graphql',
      target: 'cloud.next.backend',
      label: 'Query',
      points: [
        [
          169,
          790,
        ],
        [
          169,
          790,
        ],
        [
          169,
          900,
        ],
        [
          169,
          900,
        ],
      ],
      labelBBox: {
        x: 173,
        y: 836,
        width: 42,
        height: 18,
      },
      parent: 'cloud.next',
      relations: [
        '18chfjv',
      ],
      color: 'gray',
      line: 'dotted',
      head: 'normal',
      kind: 'async',
      isLabelCustomized: false,
      controlPoints: null,
    },
    {
      id: '1djyz7y',
      source: 'cloud.next.graphql',
      target: 'cloud.next.backend',
      label: 'Mutation',
      points: [
        [
          249,
          790,
        ],
        [
          249,
          790,
        ],
        [
          249,
          900,
        ],
        [
          249,
          900,
        ],
      ],
      labelBBox: {
        x: 253,
        y: 836,
        width: 58,
        height: 18,
      },
      parent: 'cloud.next',
      relations: [
        'v33coq',
      ],
      color: 'gray',
      line: 'dotted',
      head: 'normal',
      kind: 'async',
      isLabelCustomized: false,
      controlPoints: null,
    },
    {
      id: '8gzokf',
      source: 'cloud.next.graphql',
      target: 'cloud.next.backend',
      label: '[...]',
      points: [
        [
          329,
          790,
        ],
        [
          329,
          790,
        ],
        [
          329,
          900,
        ],
        [
          329,
          900,
        ],
      ],
      labelBBox: {
        x: 333,
        y: 836,
        width: 25,
        height: 18,
      },
      parent: 'cloud.next',
      relations: [
        'fw0i89',
        '15bdw7h',
      ],
      color: 'gray',
      line: 'dashed',
      head: 'normal',
      isLabelCustomized: false,
      controlPoints: null,
    },
  ],
}
