{
  _type: 'element',
  tags: null,
  links: null,
  _stage: 'layouted',
  sourcePath: 'views.c4',
  description: null,
  title: null,
  id: 'view-with-custom-colors',
  autoLayout: {
    direction: 'TB',
  },
  notation: {
    nodes: [
      {
        title: 'Person',
        shape: 'person',
        color: 'primary',
        kinds: [
          'actor',
        ],
      },
      {
        title: 'Application',
        shape: 'rectangle',
        color: 'primary',
        kinds: [
          'app',
        ],
      },
      {
        title: 'External System',
        shape: 'rectangle',
        color: 'amber',
        kinds: [
          'externalSystem',
        ],
      },
      {
        title: 'Software system',
        shape: 'rectangle',
        color: 'custom',
        kinds: [
          'system',
        ],
      },
    ],
  },
  hash: '65952c82fe89b4dc2c43772aa5dfcd15653331ce',
  bounds: {
    x: -912,
    y: 51,
    width: 2062,
    height: 682,
  },
  nodes: [
    {
      id: 'customer',
      parent: null,
      level: 0,
      children: [],
      inEdges: [],
      outEdges: [
        '1r2spnx',
      ],
      title: 'Cloud System Customer',
      modelRef: 'customer',
      shape: 'person',
      color: 'primary',
      style: {
        opacity: 15,
        size: 'md',
      },
      description: {
        txt: 'The regular customer of the system',
      },
      tags: [],
      notation: 'Person',
      kind: 'actor',
      navigateTo: 'customer',
      x: -902,
      y: 515,
      width: 360,
      height: 180,
      labelBBox: {
        x: 46,
        y: 63,
        width: 298,
        height: 48,
      },
      links: null,
    },
    {
      id: 'cloud',
      parent: null,
      level: 0,
      children: [
        'cloud.ui',
        'cloud.next',
      ],
      inEdges: [
        '1r2spnx',
      ],
      outEdges: [
        '1rqodxb',
        '1elbqem',
      ],
      title: 'Cloud System',
      modelRef: 'cloud',
      shape: 'rectangle',
      color: 'custom',
      style: {
        opacity: 44,
        size: 'md',
      },
      description: {
        txt: 'Our SaaS platform that allows\ncustomers to interact with\nthe latest technologies',
      },
      tags: [],
      notation: 'Software system',
      kind: 'system',
      depth: 2,
      navigateTo: 'cloud',
      x: -416,
      y: 61,
      width: 1018,
      height: 662,
      labelBBox: {
        x: 6,
        y: 0,
        width: 91,
        height: 15,
      },
      links: null,
    },
    {
      id: 'cloud.ui',
      parent: 'cloud',
      level: 1,
      children: [],
      inEdges: [
        '1r2spnx',
      ],
      outEdges: [
        '1rqodxb',
        '3xhq7i',
      ],
      title: 'Frontends',
      modelRef: 'cloud.ui',
      shape: 'rectangle',
      color: 'custom',
      style: {
        opacity: 20,
        size: 'md',
      },
      description: {
        txt: 'All the frontend applications\nof Cloud System',
      },
      tags: [],
      kind: 'container',
      navigateTo: 'cloud_ui',
      x: -331,
      y: 121,
      width: 320,
      height: 180,
      labelBBox: {
        x: 52,
        y: 54,
        width: 246,
        height: 66,
      },
      links: null,
    },
    {
      id: 'cloud.next',
      parent: 'cloud',
      level: 1,
      children: [
        'cloud.next.graphql',
        'cloud.next.backend',
      ],
      inEdges: [
        '3xhq7i',
      ],
      outEdges: [
        '1elbqem',
      ],
      title: 'Cloud Next',
      modelRef: 'cloud.next',
      shape: 'rectangle',
      color: 'custom',
      icon: 'file://./images/cloud-next.svg',
      style: {
        opacity: 100,
        size: 'md',
      },
      description: {
        txt: 'Cloud Next is the next version of our cloud systems',
      },
      tags: [],
      kind: 'container',
      depth: 1,
      isCustomized: true,
      navigateTo: 'cloud_next',
      x: -374,
      y: 393,
      width: 934,
      height: 288,
      labelBBox: {
        x: 6,
        y: 0,
        width: 76,
        height: 15,
      },
      links: null,
    },
    {
      id: 'cloud.next.graphql',
      parent: 'cloud.next',
      level: 2,
      children: [],
      inEdges: [
        '3xhq7i',
      ],
      outEdges: [
        '8gzokf',
      ],
      title: 'GraphQL',
      modelRef: 'cloud.next.graphql',
      shape: 'rectangle',
      color: 'primary',
      icon: 'tech:graphql',
      style: {
        opacity: 50,
        size: 'md',
      },
      description: {
        md: 'GraphQL API for the backend\nUses [Apollo Server](https://www.apollographql.com/docs/apollo-server/)',
      },
      tags: [
        'api',
        'next',
      ],
      kind: 'component',
      navigateTo: 'graphql',
      x: -332,
      y: 453,
      width: 321,
      height: 180,
      labelBBox: {
        x: 46,
        y: 54,
        width: 260,
        height: 66,
      },
      links: null,
    },
    {
      id: 'cloud.next.backend',
      parent: 'cloud.next',
      level: 2,
      children: [],
      inEdges: [
        '8gzokf',
      ],
      outEdges: [
        '1elbqem',
      ],
      title: 'Backend V2',
      modelRef: 'cloud.next.backend',
      shape: 'rectangle',
      color: 'primary',
      icon: 'tech:nestjs',
      style: {
        opacity: 15,
        size: 'md',
        multiple: true,
      },
      description: {
        txt: 'The next version of backend',
      },
      tags: [
        'api',
      ],
      notation: 'Application',
      kind: 'app',
      navigateTo: 'backend',
      x: 198,
      y: 459,
      width: 320,
      height: 180,
      labelBBox: {
        x: 50,
        y: 63,
        width: 250,
        height: 48,
      },
      links: null,
    },
    {
      id: 'amazon',
      parent: null,
      level: 0,
      children: [],
      inEdges: [
        '1rqodxb',
        '1elbqem',
      ],
      outEdges: [],
      title: 'Amazon',
      modelRef: 'amazon',
      shape: 'rectangle',
      color: 'amber',
      icon: 'tech:amazon-web-services',
      style: {
        opacity: 10,
        size: 'md',
      },
      description: {
        txt: 'Cloud and managed services provider',
      },
      tags: [],
      notation: 'External System',
      kind: 'externalSystem',
      navigateTo: 'amazon',
      x: 764,
      y: 139,
      width: 376,
      height: 180,
      labelBBox: {
        x: 46,
        y: 63,
        width: 314,
        height: 47,
      },
      links: null,
    },
  ],
  edges: [
    {
      id: '1r2spnx',
      source: 'customer',
      target: 'cloud.ui',
      label: '[...]',
      points: [
        [
          249,
          180,
        ],
        [
          249,
          224,
        ],
        [
          249,
          277,
        ],
        [
          249,
          322,
        ],
      ],
      parent: null,
      relations: [
        '1qqckd4',
        '1d2ufi7',
      ],
      color: 'custom',
      line: 'dashed',
      head: 'normal',
      isCustomized: true,
      navigateTo: null,
      tags: null,
      description: null,
      technology: null,
      labelBBox: {
        x: -626,
        y: 235,
        width: 25,
        height: 18,
      },
      controlPoints: [
        {
          x: -639,
          y: 244,
        },
      ],
    },
    {
      id: '1rqodxb',
      source: 'cloud.ui',
      target: 'amazon',
      label: 'reads users from the database',
      points: [
        [
          409,
          447,
        ],
        [
          587,
          476,
        ],
        [
          859,
          531,
        ],
        [
          933,
          603,
        ],
        [
          1043,
          709,
        ],
        [
          1075,
          891,
        ],
        [
          1083,
          1004,
        ],
      ],
      parent: null,
      relations: [
        '1h2p6gr',
      ],
      color: 'custom',
      line: 'dashed',
      head: 'normal',
      navigateTo: 'cloud-to-amazon',
      isCustomized: true,
      tags: null,
      description: null,
      technology: null,
      labelBBox: {
        x: 299,
        y: 218.53339269813,
        width: 194,
        height: 18,
      },
      controlPoints: [
        {
          x: 299,
          y: 218.53339269813,
        },
      ],
    },
    {
      id: '3xhq7i',
      source: 'cloud.ui',
      target: 'cloud.next.graphql',
      label: '[...]',
      points: [
        [
          205,
          290,
        ],
        [
          205,
          334,
        ],
        [
          205,
          387,
        ],
        [
          205,
          432,
        ],
      ],
      parent: 'cloud',
      relations: [
        'ci8dgt',
        'njj2bv',
        '650ftt',
        'kv3t0l',
        '1oj61r6',
      ],
      color: 'gray',
      line: 'dashed',
      head: 'normal',
      navigateTo: null,
      tags: null,
      description: null,
      technology: null,
      labelBBox: {
        x: -169,
        y: 380,
        width: 25,
        height: 18,
      },
      controlPoints: [
        {
          x: -169,
          y: 377,
        },
      ],
    },
    {
      id: '8gzokf',
      source: 'cloud.next.graphql',
      target: 'cloud.next.backend',
      label: '[...]',
      points: [
        [
          366,
          532,
        ],
        [
          407,
          532,
        ],
        [
          450,
          532,
        ],
        [
          492,
          532,
        ],
      ],
      parent: 'cloud.next',
      relations: [
        '7vlt6f',
        'p14epf',
      ],
      color: 'gray',
      line: 'dashed',
      head: 'normal',
      navigateTo: null,
      tags: null,
      description: null,
      technology: null,
      labelBBox: {
        x: 75.915766966109,
        y: 548.7730755260081,
        width: 25,
        height: 18,
      },
      controlPoints: [
        {
          x: 75.915766966109,
          y: 548.7730755260081,
        },
      ],
    },
    {
      id: '1elbqem',
      source: 'cloud.next.backend',
      target: 'amazon',
      label: 'reads/writes',
      points: [
        [
          801,
          844,
        ],
        [
          839,
          878,
        ],
        [
          882,
          919,
        ],
        [
          922,
          955,
        ],
        [
          940,
          972,
        ],
        [
          960,
          990,
        ],
        [
          980,
          1008,
        ],
      ],
      parent: null,
      relations: [
        '14uyrh3',
      ],
      color: 'custom',
      line: 'dashed',
      head: 'normal',
      navigateTo: 'cloud-to-amazon',
      isCustomized: true,
      tags: null,
      description: null,
      technology: null,
      labelBBox: {
        x: 806,
        y: 519,
        width: 79,
        height: 18,
      },
      controlPoints: [
        {
          x: 924,
          y: 475,
        },
      ],
    },
  ],
}
